\BOOKMARK [1][-]{section.1}{\376\377\000A\000b\000s\000t\000r\000a\000k}{}% 1
\BOOKMARK [1][-]{section.2}{\376\377\000L\000a\000t\000a\000r\000\040\000B\000e\000l\000a\000k\000a\000n\000g\000\040\000d\000a\000n\000\040\000M\000o\000t\000i\000v\000a\000s\000i\000\040\000P\000e\000n\000e\000l\000i\000t\000i\000a\000n}{}% 2
\BOOKMARK [2][-]{subsection.2.1}{\376\377\000V\000e\000h\000i\000c\000u\000l\000a\000r\000\040\000P\000l\000a\000t\000o\000o\000n\000i\000n\000g\000\040\000d\000a\000n\000\040\000I\000n\000t\000e\000l\000l\000i\000g\000e\000n\000t\000\040\000T\000r\000a\000n\000s\000p\000o\000r\000t\000a\000t\000i\000o\000n\000\040\000S\000y\000s\000t\000e\000m\000\040\000\050\000I\000T\000S\000\051}{section.2}% 3
\BOOKMARK [2][-]{subsection.2.2}{\376\377\000K\000e\000t\000e\000r\000b\000a\000t\000a\000s\000a\000n\000\040\000A\000d\000a\000p\000t\000i\000v\000e\000\040\000C\000r\000u\000i\000s\000e\000\040\000C\000o\000n\000t\000r\000o\000l\000\040\000\050\000A\000C\000C\000\051\000\040\000K\000o\000n\000v\000e\000n\000s\000i\000o\000n\000a\000l}{section.2}% 4
\BOOKMARK [2][-]{subsection.2.3}{\376\377\000T\000e\000k\000n\000o\000l\000o\000g\000i\000\040\0005\000G\000\040\000U\000R\000L\000L\000C\000\040\000s\000e\000b\000a\000g\000a\000i\000\040\000E\000n\000a\000b\000l\000e\000r\000\040\000C\000A\000C\000C}{section.2}% 5
\BOOKMARK [2][-]{subsection.2.4}{\376\377\000R\000u\000m\000u\000s\000a\000n\000\040\000M\000a\000s\000a\000l\000a\000h}{section.2}% 6
\BOOKMARK [2][-]{subsection.2.5}{\376\377\000T\000u\000j\000u\000a\000n\000\040\000P\000e\000n\000e\000l\000i\000t\000i\000a\000n}{section.2}% 7
\BOOKMARK [1][-]{section.3}{\376\377\000A\000r\000s\000i\000t\000e\000k\000t\000u\000r\000\040\000S\000i\000s\000t\000e\000m}{}% 8
\BOOKMARK [2][-]{subsection.3.1}{\376\377\000D\000e\000s\000a\000i\000n\000\040\000A\000r\000s\000i\000t\000e\000k\000t\000u\000r\000\040\000C\000l\000i\000e\000n\000t\000-\000S\000e\000r\000v\000e\000r}{section.3}% 9
\BOOKMARK [2][-]{subsection.3.2}{\376\377\000S\000t\000a\000c\000k\000\040\000T\000e\000k\000n\000o\000l\000o\000g\000i}{section.3}% 10
\BOOKMARK [2][-]{subsection.3.3}{\376\377\000A\000l\000u\000r\000\040\000D\000a\000t\000a\000\040\000R\000e\000a\000l\000-\000T\000i\000m\000e}{section.3}% 11
\BOOKMARK [1][-]{section.4}{\376\377\000M\000o\000d\000e\000l\000\040\000K\000e\000n\000d\000a\000r\000a\000a\000n\000\040\000d\000a\000n\000\040\000K\000i\000n\000e\000m\000a\000t\000i\000k\000a}{}% 12
\BOOKMARK [2][-]{subsection.4.1}{\376\377\000S\000t\000a\000t\000e\000\040\000K\000e\000n\000d\000a\000r\000a\000a\000n}{section.4}% 13
\BOOKMARK [2][-]{subsection.4.2}{\376\377\000K\000o\000n\000s\000t\000a\000n\000t\000a\000\040\000F\000i\000s\000i\000k\000a}{section.4}% 14
\BOOKMARK [2][-]{subsection.4.3}{\376\377\000P\000e\000m\000b\000a\000r\000u\000a\000n\000\040\000P\000o\000s\000i\000s\000i\000\040\000K\000e\000n\000d\000a\000r\000a\000a\000n\000\040\000\050\000I\000n\000t\000e\000g\000r\000a\000s\000i\000\040\000E\000u\000l\000e\000r\000\051}{section.4}% 15
\BOOKMARK [2][-]{subsection.4.4}{\376\377\000M\000o\000d\000e\000l\000\040\000K\000i\000n\000e\000m\000a\000t\000i\000k\000a\000\040\000L\000a\000t\000e\000r\000a\000l\000\040\000\050\000L\000a\000n\000e\000\040\000C\000h\000a\000n\000g\000e\000\051}{section.4}% 16
\BOOKMARK [1][-]{section.5}{\376\377\000A\000l\000g\000o\000r\000i\000t\000m\000a\000\040\000K\000o\000n\000t\000r\000o\000l\000\040\000C\000A\000C\000C\000\040\000d\000a\000n\000\040\000A\000C\000C}{}% 17
\BOOKMARK [2][-]{subsection.5.1}{\376\377\000D\000e\000s\000i\000r\000e\000d\000\040\000G\000a\000p\000\040\000M\000o\000d\000e\000l\000\040\000\050\000C\000o\000n\000s\000t\000a\000n\000t\000\040\000T\000i\000m\000e\000\040\000H\000e\000a\000d\000w\000a\000y\000\040\000P\000o\000l\000i\000c\000y\000\051}{section.5}% 18
\BOOKMARK [2][-]{subsection.5.2}{\376\377\000S\000p\000a\000c\000i\000n\000g\000\040\000E\000r\000r\000o\000r\000\040\000d\000a\000n\000\040\000K\000e\000c\000e\000p\000a\000t\000a\000n\000\040\000R\000e\000l\000a\000t\000i\000f}{section.5}% 19
\BOOKMARK [2][-]{subsection.5.3}{\376\377\000A\000l\000g\000o\000r\000i\000t\000m\000a\000\040\000C\000A\000C\000C\000\040\000\050\000C\000o\000o\000p\000e\000r\000a\000t\000i\000v\000e\000\040\000A\000d\000a\000p\000t\000i\000v\000e\000\040\000C\000r\000u\000i\000s\000e\000\040\000C\000o\000n\000t\000r\000o\000l\000\051}{section.5}% 20
\BOOKMARK [2][-]{subsection.5.4}{\376\377\000T\000o\000p\000o\000l\000o\000g\000i\000\040\000K\000o\000m\000u\000n\000i\000k\000a\000s\000i\000\040\000V\0002\000V}{section.5}% 21
\BOOKMARK [2][-]{subsection.5.5}{\376\377\000A\000C\000C\000\040\000F\000a\000l\000l\000b\000a\000c\000k\000\040\000\050\000R\000a\000d\000a\000r\000-\000o\000n\000l\000y\000\040\000M\000o\000d\000e\000\051}{section.5}% 22
\BOOKMARK [2][-]{subsection.5.6}{\376\377\000K\000o\000n\000t\000r\000o\000l\000\040\000L\000e\000a\000d\000e\000r\000\040\000\050\000K\000e\000n\000d\000a\000r\000a\000a\000n\000\040\000P\000e\000m\000i\000m\000p\000i\000n\000\051}{section.5}% 23
\BOOKMARK [1][-]{section.6}{\376\377\000E\000m\000u\000l\000a\000s\000i\000\040\000J\000a\000r\000i\000n\000g\000a\000n\000\040\0005\000G}{}% 24
\BOOKMARK [2][-]{subsection.6.1}{\376\377\000A\000r\000s\000i\000t\000e\000k\000t\000u\000r\000\040\000E\000m\000u\000l\000a\000t\000o\000r\000\040\000J\000a\000r\000i\000n\000g\000a\000n}{section.6}% 25
\BOOKMARK [2][-]{subsection.6.2}{\376\377\000P\000a\000r\000a\000m\000e\000t\000e\000r\000\040\000J\000a\000r\000i\000n\000g\000a\000n\000\040\000y\000a\000n\000g\000\040\000D\000a\000p\000a\000t\000\040\000D\000i\000k\000o\000n\000f\000i\000g\000u\000r\000a\000s\000i}{section.6}% 26
\BOOKMARK [2][-]{subsection.6.3}{\376\377\000M\000o\000d\000e\000l\000\040\000D\000y\000n\000a\000m\000i\000c\000\040\000P\000a\000t\000h\000\040\000L\000o\000s\000s\000\040\000\050\000S\000t\000a\000n\000d\000a\000r\000\040\0003\000G\000P\000P\000\051}{section.6}% 27
\BOOKMARK [2][-]{subsection.6.4}{\376\377\000U\000t\000i\000l\000i\000s\000a\000s\000i\000\040\000S\000a\000l\000u\000r\000a\000n\000\040\000d\000a\000n\000\040\000E\0002\000E\000\040\000D\000e\000l\000a\000y}{section.6}% 28
\BOOKMARK [2][-]{subsection.6.5}{\376\377\000D\000e\000t\000e\000k\000s\000i\000\040\000T\000a\000b\000r\000a\000k\000a\000n}{section.6}% 29
\BOOKMARK [1][-]{section.7}{\376\377\000M\000e\000t\000r\000i\000k\000\040\000E\000v\000a\000l\000u\000a\000s\000i\000\040\000K\000i\000n\000e\000r\000j\000a\000\040\000\050\000K\000P\000I\000\051}{}% 30
\BOOKMARK [2][-]{subsection.7.1}{\376\377\000S\000t\000r\000i\000n\000g\000\040\000S\000t\000a\000b\000i\000l\000i\000t\000y\000\040\000I\000n\000d\000e\000x\000\040\000\050\000S\000S\000I\000\051}{section.7}% 31
\BOOKMARK [2][-]{subsection.7.2}{\376\377\000R\000i\000n\000g\000k\000a\000s\000a\000n\000\040\000K\000P\000I\000\040\000S\000i\000m\000u\000l\000a\000s\000i}{section.7}% 32
\BOOKMARK [1][-]{section.8}{\376\377\000S\000k\000e\000n\000a\000r\000i\000o\000\040\000E\000k\000s\000p\000e\000r\000i\000m\000e\000n}{}% 33
\BOOKMARK [2][-]{subsection.8.1}{\376\377\000S\000k\000e\000n\000a\000r\000i\000o\000\040\0001\000:\000\040\000C\000A\000C\000C\000\040\000d\000a\000l\000a\000m\000\040\000K\000o\000n\000d\000i\000s\000i\000\040\000I\000d\000e\000a\000l\000\040\000\050\0005\000G\000\040\000S\000e\000m\000p\000u\000r\000n\000a\000\051}{section.8}% 34
\BOOKMARK [2][-]{subsection.8.2}{\376\377\000S\000k\000e\000n\000a\000r\000i\000o\000\040\0002\000:\000\040\000D\000e\000g\000r\000a\000d\000a\000s\000i\000\040\000J\000a\000r\000i\000n\000g\000a\000n\000\040\000D\000i\000n\000a\000m\000i\000s\000\040\000\050\000R\000S\000U\000\040\000P\000a\000t\000h\000\040\000L\000o\000s\000s\000\051}{section.8}% 35
\BOOKMARK [2][-]{subsection.8.3}{\376\377\000S\000k\000e\000n\000a\000r\000i\000o\000\040\0003\000:\000\040\000K\000e\000g\000a\000g\000a\000l\000a\000n\000\040\000F\000o\000r\000m\000a\000s\000i\000\040\000\050\000S\000t\000r\000i\000n\000g\000\040\000I\000n\000s\000t\000a\000b\000i\000l\000i\000t\000y\000\051}{section.8}% 36
\BOOKMARK [1][-]{section.9}{\376\377\000I\000m\000p\000l\000e\000m\000e\000n\000t\000a\000s\000i\000\040\000T\000e\000k\000n\000i\000s}{}% 37
\BOOKMARK [2][-]{subsection.9.1}{\376\377\000S\000t\000r\000u\000k\000t\000u\000r\000\040\000P\000r\000o\000y\000e\000k}{section.9}% 38
\BOOKMARK [2][-]{subsection.9.2}{\376\377\000I\000m\000p\000l\000e\000m\000e\000n\000t\000a\000s\000i\000\040\000I\000n\000t\000i\000\040\000C\000A\000C\000C}{section.9}% 39
\BOOKMARK [2][-]{subsection.9.3}{\376\377\000I\000m\000p\000l\000e\000m\000e\000n\000t\000a\000s\000i\000\040\000E\000m\000u\000l\000a\000t\000o\000r\000\040\000J\000a\000r\000i\000n\000g\000a\000n}{section.9}% 40
\BOOKMARK [2][-]{subsection.9.4}{\376\377\000I\000n\000f\000r\000a\000s\000t\000r\000u\000k\000t\000u\000r\000\040\000D\000e\000p\000l\000o\000y\000m\000e\000n\000t}{section.9}% 41
\BOOKMARK [1][-]{section.10}{\376\377\000R\000e\000k\000a\000p\000\040\000S\000e\000l\000u\000r\000u\000h\000\040\000F\000o\000r\000m\000u\000l\000a\000\040\000M\000a\000t\000e\000m\000a\000t\000i\000s}{}% 42
\BOOKMARK [1][-]{section.11}{\376\377\000K\000e\000s\000i\000m\000p\000u\000l\000a\000n}{}% 43
\BOOKMARK [1][-]{Item.15}{\376\377\000D\000a\000f\000t\000a\000r\000\040\000P\000u\000s\000t\000a\000k\000a}{}% 44
